// Jest Snapshot v1, https://goo.gl/fbAQLP

exports[`Error component should match snapshot. 1`] = `
<div
  class="error"
>
  <h3>
    Error message.
  </h3>
  Please try again.
  <button
    class="reload text"
  >
    reload
  </button>
</div>
`;
