// Jest Snapshot v1, https://goo.gl/fbAQLP

exports[`Loading component should match snapshot. 1`] = `
<div
  class="loading"
>
  <h2>
    Loading...
  </h2>
</div>
`;
